eeschema (2013-07-07 BZR 4022)-stable  >> Creation date: 2015/08/21 22:43:14
#コンポーネント ( リファレンス順 )
| C1         220u        
| C2         100u        
| C3         0.1u        
| C4         0.1u        
| C5         100u        
| C6         47u         
| C7         47u         
| C8         8200u       
| C9         0.1u        
| C10        1u          
| C11        0.1u        
| C12        0.1u        
| C13        1u          
| C14        0.1u        
| C15        1u          
| C16        0.1u        
| C17        0.1u        
| C18        0.1u        
| C19        0.1u        
| C20        1u          
| C21        1u          
| C22        0.1u        
| C23        0.1u        
| C26        1u          
| C27        0.1u        
| C28        1u          
| C29        0.1u        
| C30        0.1u        
| C31        0.1u        
| C32        0.1u        
| CON1       BARREL_JACK 
| D1         LED         
| D2         1N4148W     
| D3         1N4148W     
| D4         1N4148W     
| D5         1N4148W     
| D6         LED         
| D7         LED         
| F1         max 3A(PoliSw)
| FB3        FILTER      
| FB4        FILTER      
| FB5        FILTER      
| IC1        ATMEGA328-P 
| IC2        TLP121      
| IC3        TLP121      
| J1         1ch IN      
| J2         2ch IN      
| J3         AJ-1780     
| K2         STBY        
| K3         MUTE        
| L1         220u        
| L2         220u        
| LchRLY1    G5V2        
| P2         AVRISP      
| P7         CONN_OUTR   
| P8         CONN_OUTL   
| P9         AMP_PWR     
| P10        CONN_5X2    
| P11        CONN_5X2    
| Q5         8MHz        
| R1         10          
| R2         10k         
| R3         10k         
| R4         1k          
| R5         4.7k        
| R6         10          
| R7         10k         
| R8         33k         
| R9         100(2w)     
| R10        4.7k        
| R11        4.7k        
| R12        10          
| R13        330         
| R14        330         
| R15        10k         
| R16        10k         
| R17        10k         
| R18        10k         
| R19        10k         
| R20        1k          
| R21        20k         
| R22        20k         
| R23        1M          
| R24        1M          
| R25        10k         
| R26        10k         
| R27        1k          
| R28        1k          
| R29        100         
| R30        100         
| R31        0           
| R32        1k          
| R33        1M          
| R34        1M          
| R35        100k        
| R36        1k          
| R37        1k          
| R38        1k          
| R39        1k          
| R40        1k          
| R41        1k          
| R42        10          
| R43        10k         
| R44        1k          
| R45        1k          
| RchRLY2    G5V2        
| ROTENC1    EVE-VCGJL016B
| SW1        RESET_SW    
| U1         R78E5.0     
| U2         MINMAX_MAU106
| U3         NJU7223F33  
| U4         SO1602AWYB-UC-WB
| U5         PL-IRM2161  
| U6         LMC6482     
| U7         LME49720    
| U8         LME49720    
| U9         LME49600    
| U10        PGA2311     
| U11        LME49720    
| U12        LME49600    
| U13        FDS8958     
| U14        FDS8958     
| U15        FDS8958     
| U16        NDS9936     
| ZD1        02CZ3.3(3.3V)
| ZD2        02CZ3.3(3.3V)
#End Cmp

#コンポーネント ( 定数で並び替え )
| 0.1u         C3        
| 0.1u         C4        
| 0.1u         C9        
| 0.1u         C11       
| 0.1u         C12       
| 0.1u         C14       
| 0.1u         C16       
| 0.1u         C17       
| 0.1u         C18       
| 0.1u         C19       
| 0.1u         C22       
| 0.1u         C23       
| 0.1u         C27       
| 0.1u         C29       
| 0.1u         C30       
| 0.1u         C31       
| 0.1u         C32       
| 1u           C10       
| 1u           C13       
| 1u           C15       
| 1u           C20       
| 1u           C21       
| 1u           C26       
| 1u           C28       
| 47u          C6        
| 47u          C7        
| 100u         C2        
| 100u         C5        
| 220u         C1        
| 8200u        C8        
| BARREL_JACK  CON1      
| 1N4148W      D2        
| 1N4148W      D3        
| 1N4148W      D4        
| 1N4148W      D5        
| LED          D1        
| LED          D6        
| LED          D7        
| max 3A(PoliSw) F1        
| FILTER       FB3       
| FILTER       FB4       
| FILTER       FB5       
| ATMEGA328-P  IC1       
| TLP121       IC2       
| TLP121       IC3       
| 1ch IN       J1        
| 2ch IN       J2        
| AJ-1780      J3        
| STBY         K2        
| MUTE         K3        
| 220u         L1        
| 220u         L2        
| G5V2         LchRLY1   
| CONN_OUTR    P7        
| CONN_OUTL    P8        
| AMP_PWR      P9        
| AVRISP       P2        
| CONN_5X2     P10       
| CONN_5X2     P11       
| 8MHz         Q5        
| 0            R31       
| 10           R1        
| 10           R6        
| 10           R12       
| 10           R42       
| 100          R29       
| 100          R30       
| 330          R13       
| 330          R14       
| 1k           R4        
| 1k           R20       
| 1k           R27       
| 1k           R28       
| 1k           R32       
| 1k           R36       
| 1k           R37       
| 1k           R38       
| 1k           R39       
| 1k           R40       
| 1k           R41       
| 1k           R44       
| 1k           R45       
| 4.7k         R5        
| 4.7k         R10       
| 4.7k         R11       
| 10k          R2        
| 10k          R3        
| 10k          R7        
| 10k          R15       
| 10k          R16       
| 10k          R17       
| 10k          R18       
| 10k          R19       
| 10k          R25       
| 10k          R26       
| 10k          R43       
| 20k          R21       
| 20k          R22       
| 33k          R8        
| 100k         R35       
| 1M           R23       
| 1M           R24       
| 1M           R33       
| 1M           R34       
| 100(2w)      R9        
| G5V2         RchRLY2   
| EVE-VCGJL016B ROTENC1   
| RESET_SW     SW1       
| PGA2311      U10       
| LMC6482      U6        
| LME49720     U7        
| LME49720     U8        
| LME49720     U11       
| LME49600     U9        
| LME49600     U12       
| MINMAX_MAU106 U2        
| PL-IRM2161   U5        
| R78E5.0      U1        
| SO1602AWYB-UC-WB U4        
| NJU7223F33   U3        
| FDS8958      U13       
| FDS8958      U14       
| FDS8958      U15       
| NDS9936      U16       
| 02CZ3.3(3.3V) ZD1       
| 02CZ3.3(3.3V) ZD2       
#コンポーネント終了

#リスト終了
